Fetching 300 symbols, ~1 years of daily bars...
  STLD   55%
  ALB    54%
  NUE    54%
  AXON   54%
  LULU   53%
  DKNG   53%
  URI    53%
  NEM    53%
  WAT    53%
  CF     53%
Logged top 10 as run #1845 (ml_brain_v1, advisory only, no orders).
Fetching 300 symbols, ~1 years of daily bars...
  NRG    54%
  UAL    54%
  F      54%
  TDG    53%
  SHW    53%
  DKNG   53%
  AAL    53%
  NKE    53%
  DAL    53%
  JBL    53%
Logged top 10 as run #1863 (ml_brain_v1, advisory only, no orders).
Fetching 300 symbols, ~1 years of daily bars...
  CTVA   56%
  NRG    55%
  BX     54%
  ARES   53%
  ALB    53%
  PANW   53%
  GS     53%
  SHW    53%
  KKR    53%
  MS     53%
Logged top 10 as run #1921 (ml_brain_v1, advisory only, no orders).
Fetching 300 symbols, ~1 years of daily bars...
  CTVA   56%
  DDOG   54%
  DKNG   54%
  LULU   54%
  APO    54%
  AAL    53%
  KKR    53%
  DAL    53%
  ALB    53%
  MRVL   53%
Logged top 10 as run #1957 (ml_brain_v1, advisory only, no orders).
Fetching 300 symbols, ~1 years of daily bars...
No trading bar for today (latest 2026-10-02) - market closed, nothing logged.
Fetching 300 symbols, ~1 years of daily bars...
No trading bar for today (latest 2026-10-02) - market closed, nothing logged.
Fetching 300 symbols, ~1 years of daily bars...
  CTVA   55%
  ALB    53%
  HUM    53%
  UAL    53%
  ELV    53%
  PANW   53%
  TXN    53%
  TT     53%
  DAL    52%
  MNST   52%
Logged top 10 as run #2085 (ml_brain_v1, advisory only, no orders).
Fetching 300 symbols, ~1 years of daily bars...
  CTVA   55%
  CARR   54%
  DAL    54%
  CAT    54%
  TT     54%
  PWR    54%
  EMR    53%
  FLEX   53%
  ARM    53%
  ROK    53%
Logged top 10 as run #2122 (ml_brain_v1, advisory only, no orders).
Fetching 300 symbols, ~1 years of daily bars...
  FTNT   54%
  UNH    53%
  PANW   53%
  DDOG   53%
  AXON   53%
  DLTR   53%
  EMR    53%
  CARR   53%
  ABBV   53%
  CRWD   53%
Logged top 10 as run #2178 (ml_brain_v1, advisory only, no orders).
